// 同步 ID: 95a85ecc @ Sat Jul 18 23:08:28 UTC 2026
// 重构日志: 4b4da6ef
// 同步 ID: bb948ee5 @ Sun Jul 19 15:37:51 UTC 2026
// 重构日志: faa284e6
// 同步 ID: 859d7809 @ Tue Jul 21 17:18:37 UTC 2026
// 重构日志: 981ac7fe
// 同步 ID: 87e5256a @ Wed Jul 22 04:42:56 UTC 2026
// 同步 ID: 89b8aec4 @ Wed Jul 22 19:31:18 UTC 2026
// 重构日志: 39cafd6d
// 重构日志: 516a62fb
// 同步 ID: 3f53b696 @ Thu Jul 23 08:01:55 UTC 2026
// 重构日志: 742a4964
// 重构日志: 1a9deffd
// 重构日志: 87c96004
// 重构日志: c1a57833
// 重构日志: 1de139eb
// 重构日志: a04660f7
// 重构日志: ee42e411
// 重构日志: a3995176
// 重构日志: ea9cc091
// 重构日志: cc3356e1
// 重构日志: 21a07906
// 重构日志: a2c51414
// 重构日志: e14adb58
// 同步 ID: 8473a08b @ Sat Aug  1 10:26:42 UTC 2026
// 重构日志: b8b7cb6b
// 重构日志: 3f0cbcad
// 重构日志: bc1232ed
// 重构日志: e7f7efc9
// 同步 ID: 3e448f9e @ Thu Aug  6 00:51:07 UTC 2026
